// Jest Snapshot v1, https://goo.gl/fbAQLP

exports[`ListTripScreen Rendering should match to snapshot 1`] = `
<View
  accessibilityIgnoresInvertColors={true}
  style={
    Object {
      "flex": 1,
    }
  }
>
  <Image
    resizeMode="cover"
    source={1}
    style={
      Array [
        Object {
          "bottom": 0,
          "left": 0,
          "position": "absolute",
          "right": 0,
          "top": 0,
        },
        Object {
          "height": undefined,
          "width": undefined,
        },
        Object {
          "marginTop": 100,
        },
      ]
    }
  />
  <View
    style={
      Object {
        "alignItems": "center",
        "flexDirection": "row",
        "height": 80,
        "paddingTop": 25,
        "width": 750,
      }
    }
  >
    <Image
      source={1}
      style={
        Object {
          "height": 60,
          "width": 60,
        }
      }
    />
    <Text
      style={
        Object {
          "color": "#51bd8a",
          "fontSize": 18,
          "fontWeight": "bold",
          "textAlign": "center",
        }
      }
    >
      Home
    </Text>
  </View>
  <RCTScrollView
    data={
      Array [
        Object {
          "distance": 16,
          "duration": 1956,
          "end_time": "2017-07-04T08:23:12+0000",
          "start_time": "2017-07-04T07:50:36+0000",
          "trip_id": 17094,
        },
        Object {
          "distance": 4,
          "duration": 891,
          "end_time": "2017-07-04T08:45:36+0000",
          "start_time": "2017-07-04T08:30:45+0000",
          "trip_id": 17095,
        },
      ]
    }
    disableVirtualization={false}
    getItem={[Function]}
    getItemCount={[Function]}
    horizontal={false}
    initialNumToRender={10}
    keyExtractor={[Function]}
    maxToRenderPerBatch={10}
    onContentSizeChange={[Function]}
    onEndReachedThreshold={2}
    onLayout={[Function]}
    onMomentumScrollEnd={[Function]}
    onScroll={[Function]}
    onScrollBeginDrag={[Function]}
    onScrollEndDrag={[Function]}
    removeClippedSubviews={false}
    renderItem={[Function]}
    scrollEventThrottle={50}
    stickyHeaderIndices={Array []}
    testID="flat-list"
    updateCellsBatchingPeriod={50}
    viewabilityConfigCallbackPairs={Array []}
    windowSize={21}
  >
    <View>
      <View
        onLayout={[Function]}
        style={null}
      >
        <View
          accessible={true}
          focusable={true}
          onClick={[Function]}
          onResponderGrant={[Function]}
          onResponderMove={[Function]}
          onResponderRelease={[Function]}
          onResponderTerminate={[Function]}
          onResponderTerminationRequest={[Function]}
          onStartShouldSetResponder={[Function]}
          style={
            Object {
              "alignItems": "center",
              "backgroundColor": "#fff",
              "borderColor": "#51bd8a",
              "borderRadius": 10,
              "borderWidth": 1,
              "justifyContent": "center",
              "marginHorizontal": 10,
              "marginTop": 10,
              "opacity": 1,
              "paddingHorizontal": 10,
              "paddingVertical": 20,
            }
          }
        >
          <Text
            style={
              Object {
                "color": "#51bd8a",
                "fontSize": 19,
                "fontWeight": "bold",
              }
            }
          >
            TRIP
            : 
            17094
          </Text>
        </View>
      </View>
      <View
        onLayout={[Function]}
        style={null}
      >
        <View
          accessible={true}
          focusable={true}
          onClick={[Function]}
          onResponderGrant={[Function]}
          onResponderMove={[Function]}
          onResponderRelease={[Function]}
          onResponderTerminate={[Function]}
          onResponderTerminationRequest={[Function]}
          onStartShouldSetResponder={[Function]}
          style={
            Object {
              "alignItems": "center",
              "backgroundColor": "#fff",
              "borderColor": "#51bd8a",
              "borderRadius": 10,
              "borderWidth": 1,
              "justifyContent": "center",
              "marginHorizontal": 10,
              "marginTop": 10,
              "opacity": 1,
              "paddingHorizontal": 10,
              "paddingVertical": 20,
            }
          }
        >
          <Text
            style={
              Object {
                "color": "#51bd8a",
                "fontSize": 19,
                "fontWeight": "bold",
              }
            }
          >
            TRIP
            : 
            17095
          </Text>
        </View>
      </View>
    </View>
  </RCTScrollView>
</View>
`;
